// Jest Snapshot v1, https://goo.gl/fbAQLP

exports[`matches the snapshot  1`] = `
<div
  className=" "
>
  <header
    title="A front-end test of sorts"
  />
  <SignUp />
  <Catalogue />
  <Gallery />
  <footer />
</div>
`;
